Program: <CCNDRVR> Arguments: </CXX>
DDNames:
  SYSPRINT=*
  SYSIN=IBMUSER.TEST.C(MAIN)
  SYSLIN=IBMUSER.TEST.OBJ(MAIN)
Dynamic allocation succeeded for SYSPRINT (temporary dataset for console)
PDS Member allocation succeeded for SYSIN=IBMUSER.TEST.C(MAIN)
PDS Member allocation succeeded for SYSLIN=IBMUSER.TEST.OBJ(MAIN)
OS Load program CCNDRVR 
Addressing mode: AMODE31
Exit code: 0 from CCNDRVR
